CRITICAL - 2026-09-10 05:39:01 --> CodeIgniter\View\Exceptions\ViewException: Invalid file: "templates/header.php"
[Method: GET, Route: /]
in SYSTEMPATH\Exceptions\FrameworkException.php on line 41.
 1 SYSTEMPATH\View\View.php(222): CodeIgniter\Exceptions\FrameworkException::forInvalidFile('templates/header.php')
 2 SYSTEMPATH\Common.php(1171): CodeIgniter\View\View->render('templates/header', [], true)
 3 APPPATH\Views\pages\home.php(1): view('templates/header', [...])
 4 SYSTEMPATH\View\View.php(234): include('C:\\xampp\\htdocs\\demonstration_ci4\\demonstration_ci4\\app\\Views\\pages\\home.php')
 5 SYSTEMPATH\View\View.php(237): CodeIgniter\View\View->CodeIgniter\View\{closure}()
 6 SYSTEMPATH\Common.php(1171): CodeIgniter\View\View->render('pages/home', [], true)
 7 APPPATH\Controllers\Pages.php(9): view('pages/home')
 8 SYSTEMPATH\CodeIgniter.php(933): App\Controllers\Pages->index()
 9 SYSTEMPATH\CodeIgniter.php(509): CodeIgniter\CodeIgniter->runController(Object(App\Controllers\Pages))
10 SYSTEMPATH\CodeIgniter.php(355): CodeIgniter\CodeIgniter->handleRequest(null, Object(Config\Cache), false)
11 SYSTEMPATH\Boot.php(325): CodeIgniter\CodeIgniter->run()
12 SYSTEMPATH\Boot.php(67): CodeIgniter\Boot::runCodeIgniter(Object(CodeIgniter\CodeIgniter))
13 FCPATH\index.php(56): CodeIgniter\Boot::bootWeb(Object(Config\Paths))
14 SYSTEMPATH\rewrite.php(44): require_once('C:\\xampp\\htdocs\\demonstration_ci4\\demonstration_ci4\\public\\index.php')
CRITICAL - 2026-09-10 05:39:05 --> CodeIgniter\View\Exceptions\ViewException: Invalid file: "templates/header.php"
[Method: GET, Route: /]
in SYSTEMPATH\Exceptions\FrameworkException.php on line 41.
 1 SYSTEMPATH\View\View.php(222): CodeIgniter\Exceptions\FrameworkException::forInvalidFile('templates/header.php')
 2 SYSTEMPATH\Common.php(1171): CodeIgniter\View\View->render('templates/header', [], true)
 3 APPPATH\Views\pages\home.php(1): view('templates/header', [...])
 4 SYSTEMPATH\View\View.php(234): include('C:\\xampp\\htdocs\\demonstration_ci4\\demonstration_ci4\\app\\Views\\pages\\home.php')
 5 SYSTEMPATH\View\View.php(237): CodeIgniter\View\View->CodeIgniter\View\{closure}()
 6 SYSTEMPATH\Common.php(1171): CodeIgniter\View\View->render('pages/home', [], true)
 7 APPPATH\Controllers\Pages.php(9): view('pages/home')
 8 SYSTEMPATH\CodeIgniter.php(933): App\Controllers\Pages->index()
 9 SYSTEMPATH\CodeIgniter.php(509): CodeIgniter\CodeIgniter->runController(Object(App\Controllers\Pages))
10 SYSTEMPATH\CodeIgniter.php(355): CodeIgniter\CodeIgniter->handleRequest(null, Object(Config\Cache), false)
11 SYSTEMPATH\Boot.php(325): CodeIgniter\CodeIgniter->run()
12 SYSTEMPATH\Boot.php(67): CodeIgniter\Boot::runCodeIgniter(Object(CodeIgniter\CodeIgniter))
13 FCPATH\index.php(56): CodeIgniter\Boot::bootWeb(Object(Config\Paths))
14 SYSTEMPATH\rewrite.php(44): require_once('C:\\xampp\\htdocs\\demonstration_ci4\\demonstration_ci4\\public\\index.php')
CRITICAL - 2026-09-10 05:39:05 --> CodeIgniter\View\Exceptions\ViewException: Invalid file: "templates/header.php"
[Method: GET, Route: /]
in SYSTEMPATH\Exceptions\FrameworkException.php on line 41.
 1 SYSTEMPATH\View\View.php(222): CodeIgniter\Exceptions\FrameworkException::forInvalidFile('templates/header.php')
 2 SYSTEMPATH\Common.php(1171): CodeIgniter\View\View->render('templates/header', [], true)
 3 APPPATH\Views\pages\home.php(1): view('templates/header', [...])
 4 SYSTEMPATH\View\View.php(234): include('C:\\xampp\\htdocs\\demonstration_ci4\\demonstration_ci4\\app\\Views\\pages\\home.php')
 5 SYSTEMPATH\View\View.php(237): CodeIgniter\View\View->CodeIgniter\View\{closure}()
 6 SYSTEMPATH\Common.php(1171): CodeIgniter\View\View->render('pages/home', [], true)
 7 APPPATH\Controllers\Pages.php(9): view('pages/home')
 8 SYSTEMPATH\CodeIgniter.php(933): App\Controllers\Pages->index()
 9 SYSTEMPATH\CodeIgniter.php(509): CodeIgniter\CodeIgniter->runController(Object(App\Controllers\Pages))
10 SYSTEMPATH\CodeIgniter.php(355): CodeIgniter\CodeIgniter->handleRequest(null, Object(Config\Cache), false)
11 SYSTEMPATH\Boot.php(325): CodeIgniter\CodeIgniter->run()
12 SYSTEMPATH\Boot.php(67): CodeIgniter\Boot::runCodeIgniter(Object(CodeIgniter\CodeIgniter))
13 FCPATH\index.php(56): CodeIgniter\Boot::bootWeb(Object(Config\Paths))
14 SYSTEMPATH\rewrite.php(44): require_once('C:\\xampp\\htdocs\\demonstration_ci4\\demonstration_ci4\\public\\index.php')
CRITICAL - 2026-09-10 05:39:09 --> CodeIgniter\View\Exceptions\ViewException: Invalid file: "templates/header.php"
[Method: GET, Route: /]
in SYSTEMPATH\Exceptions\FrameworkException.php on line 41.
 1 SYSTEMPATH\View\View.php(222): CodeIgniter\Exceptions\FrameworkException::forInvalidFile('templates/header.php')
 2 SYSTEMPATH\Common.php(1171): CodeIgniter\View\View->render('templates/header', [], true)
 3 APPPATH\Views\pages\home.php(1): view('templates/header', [...])
 4 SYSTEMPATH\View\View.php(234): include('C:\\xampp\\htdocs\\demonstration_ci4\\demonstration_ci4\\app\\Views\\pages\\home.php')
 5 SYSTEMPATH\View\View.php(237): CodeIgniter\View\View->CodeIgniter\View\{closure}()
 6 SYSTEMPATH\Common.php(1171): CodeIgniter\View\View->render('pages/home', [], true)
 7 APPPATH\Controllers\Pages.php(9): view('pages/home')
 8 SYSTEMPATH\CodeIgniter.php(933): App\Controllers\Pages->index()
 9 SYSTEMPATH\CodeIgniter.php(509): CodeIgniter\CodeIgniter->runController(Object(App\Controllers\Pages))
10 SYSTEMPATH\CodeIgniter.php(355): CodeIgniter\CodeIgniter->handleRequest(null, Object(Config\Cache), false)
11 SYSTEMPATH\Boot.php(325): CodeIgniter\CodeIgniter->run()
12 SYSTEMPATH\Boot.php(67): CodeIgniter\Boot::runCodeIgniter(Object(CodeIgniter\CodeIgniter))
13 FCPATH\index.php(56): CodeIgniter\Boot::bootWeb(Object(Config\Paths))
14 SYSTEMPATH\rewrite.php(44): require_once('C:\\xampp\\htdocs\\demonstration_ci4\\demonstration_ci4\\public\\index.php')
CRITICAL - 2026-09-10 05:39:20 --> CodeIgniter\View\Exceptions\ViewException: Invalid file: "templates/header.php"
[Method: GET, Route: /]
in SYSTEMPATH\Exceptions\FrameworkException.php on line 41.
 1 SYSTEMPATH\View\View.php(222): CodeIgniter\Exceptions\FrameworkException::forInvalidFile('templates/header.php')
 2 SYSTEMPATH\Common.php(1171): CodeIgniter\View\View->render('templates/header', [], true)
 3 APPPATH\Views\pages\home.php(1): view('templates/header', [...])
 4 SYSTEMPATH\View\View.php(234): include('C:\\xampp\\htdocs\\demonstration_ci4\\demonstration_ci4\\app\\Views\\pages\\home.php')
 5 SYSTEMPATH\View\View.php(237): CodeIgniter\View\View->CodeIgniter\View\{closure}()
 6 SYSTEMPATH\Common.php(1171): CodeIgniter\View\View->render('pages/home', [], true)
 7 APPPATH\Controllers\Pages.php(9): view('pages/home')
 8 SYSTEMPATH\CodeIgniter.php(933): App\Controllers\Pages->index()
 9 SYSTEMPATH\CodeIgniter.php(509): CodeIgniter\CodeIgniter->runController(Object(App\Controllers\Pages))
10 SYSTEMPATH\CodeIgniter.php(355): CodeIgniter\CodeIgniter->handleRequest(null, Object(Config\Cache), false)
11 SYSTEMPATH\Boot.php(325): CodeIgniter\CodeIgniter->run()
12 SYSTEMPATH\Boot.php(67): CodeIgniter\Boot::runCodeIgniter(Object(CodeIgniter\CodeIgniter))
13 FCPATH\index.php(56): CodeIgniter\Boot::bootWeb(Object(Config\Paths))
14 SYSTEMPATH\rewrite.php(44): require_once('C:\\xampp\\htdocs\\demonstration_ci4\\demonstration_ci4\\public\\index.php')
CRITICAL - 2026-09-10 05:40:05 --> CodeIgniter\View\Exceptions\ViewException: Invalid file: "templates/header.php"
[Method: GET, Route: /]
in SYSTEMPATH\Exceptions\FrameworkException.php on line 41.
 1 SYSTEMPATH\View\View.php(222): CodeIgniter\Exceptions\FrameworkException::forInvalidFile('templates/header.php')
 2 SYSTEMPATH\Common.php(1171): CodeIgniter\View\View->render('templates/header', [], true)
 3 APPPATH\Views\pages\home.php(1): view('templates/header', [...])
 4 SYSTEMPATH\View\View.php(234): include('C:\\xampp\\htdocs\\demonstration_ci4\\demonstration_ci4\\app\\Views\\pages\\home.php')
 5 SYSTEMPATH\View\View.php(237): CodeIgniter\View\View->CodeIgniter\View\{closure}()
 6 SYSTEMPATH\Common.php(1171): CodeIgniter\View\View->render('pages/home', [], true)
 7 APPPATH\Controllers\Pages.php(9): view('pages/home')
 8 SYSTEMPATH\CodeIgniter.php(933): App\Controllers\Pages->index()
 9 SYSTEMPATH\CodeIgniter.php(509): CodeIgniter\CodeIgniter->runController(Object(App\Controllers\Pages))
10 SYSTEMPATH\CodeIgniter.php(355): CodeIgniter\CodeIgniter->handleRequest(null, Object(Config\Cache), false)
11 SYSTEMPATH\Boot.php(325): CodeIgniter\CodeIgniter->run()
12 SYSTEMPATH\Boot.php(67): CodeIgniter\Boot::runCodeIgniter(Object(CodeIgniter\CodeIgniter))
13 FCPATH\index.php(56): CodeIgniter\Boot::bootWeb(Object(Config\Paths))
14 SYSTEMPATH\rewrite.php(44): require_once('C:\\xampp\\htdocs\\demonstration_ci4\\demonstration_ci4\\public\\index.php')
CRITICAL - 2026-09-10 05:42:50 --> CodeIgniter\View\Exceptions\ViewException: Invalid file: "templates/header.php"
[Method: GET, Route: /]
in SYSTEMPATH\Exceptions\FrameworkException.php on line 41.
 1 SYSTEMPATH\View\View.php(222): CodeIgniter\Exceptions\FrameworkException::forInvalidFile('templates/header.php')
 2 SYSTEMPATH\Common.php(1171): CodeIgniter\View\View->render('templates/header', [], true)
 3 APPPATH\Views\pages\home.php(1): view('templates/header', [...])
 4 SYSTEMPATH\View\View.php(234): include('C:\\xampp\\htdocs\\demonstration_ci4\\demonstration_ci4\\app\\Views\\pages\\home.php')
 5 SYSTEMPATH\View\View.php(237): CodeIgniter\View\View->CodeIgniter\View\{closure}()
 6 SYSTEMPATH\Common.php(1171): CodeIgniter\View\View->render('pages/home', [], true)
 7 APPPATH\Controllers\Pages.php(9): view('pages/home')
 8 SYSTEMPATH\CodeIgniter.php(933): App\Controllers\Pages->index()
 9 SYSTEMPATH\CodeIgniter.php(509): CodeIgniter\CodeIgniter->runController(Object(App\Controllers\Pages))
10 SYSTEMPATH\CodeIgniter.php(355): CodeIgniter\CodeIgniter->handleRequest(null, Object(Config\Cache), false)
11 SYSTEMPATH\Boot.php(325): CodeIgniter\CodeIgniter->run()
12 SYSTEMPATH\Boot.php(67): CodeIgniter\Boot::runCodeIgniter(Object(CodeIgniter\CodeIgniter))
13 FCPATH\index.php(56): CodeIgniter\Boot::bootWeb(Object(Config\Paths))
14 SYSTEMPATH\rewrite.php(44): require_once('C:\\xampp\\htdocs\\demonstration_ci4\\demonstration_ci4\\public\\index.php')
CRITICAL - 2026-09-10 05:43:21 --> CodeIgniter\View\Exceptions\ViewException: Invalid file: "templates/header.php"
[Method: GET, Route: /]
in SYSTEMPATH\Exceptions\FrameworkException.php on line 41.
 1 SYSTEMPATH\View\View.php(222): CodeIgniter\Exceptions\FrameworkException::forInvalidFile('templates/header.php')
 2 SYSTEMPATH\Common.php(1171): CodeIgniter\View\View->render('templates/header', [], true)
 3 APPPATH\Views\pages\home.php(1): view('templates/header', [...])
 4 SYSTEMPATH\View\View.php(234): include('C:\\xampp\\htdocs\\demonstration_ci4\\demonstration_ci4\\app\\Views\\pages\\home.php')
 5 SYSTEMPATH\View\View.php(237): CodeIgniter\View\View->CodeIgniter\View\{closure}()
 6 SYSTEMPATH\Common.php(1171): CodeIgniter\View\View->render('pages/home', [], true)
 7 APPPATH\Controllers\Pages.php(9): view('pages/home')
 8 SYSTEMPATH\CodeIgniter.php(933): App\Controllers\Pages->index()
 9 SYSTEMPATH\CodeIgniter.php(509): CodeIgniter\CodeIgniter->runController(Object(App\Controllers\Pages))
10 SYSTEMPATH\CodeIgniter.php(355): CodeIgniter\CodeIgniter->handleRequest(null, Object(Config\Cache), false)
11 SYSTEMPATH\Boot.php(325): CodeIgniter\CodeIgniter->run()
12 SYSTEMPATH\Boot.php(67): CodeIgniter\Boot::runCodeIgniter(Object(CodeIgniter\CodeIgniter))
13 FCPATH\index.php(56): CodeIgniter\Boot::bootWeb(Object(Config\Paths))
14 SYSTEMPATH\rewrite.php(44): require_once('C:\\xampp\\htdocs\\demonstration_ci4\\demonstration_ci4\\public\\index.php')
